// Jest Snapshot v1, https://goo.gl/fbAQLP

exports[`App component should render app whit error 1`] = `
<DocumentFragment>
  <div>
    My first  component reactis pissin me off
  </div>
</DocumentFragment>
`;
